#------------------------------------------------------------------------------
# irace: An implementation in R of (Elitist) Iterated Racing
# Version: 4.4.3.dd8d85f
# Copyright (C) 2010-2025
# Manuel Lopez-Ibanez     <manuel.lopez-ibanez@manchester.ac.uk>
# Jeremie Dubois-Lacoste
# Leslie Perez Caceres    <leslie.perez.caceres@ulb.ac.be>
#
# This is free software, and you are welcome to redistribute it under certain
# conditions.  See the GNU General Public License for details. There is NO
# WARRANTY; not even for MERCHANTABILITY or FITNESS FOR A PARTICULAR PURPOSE.
#
# irace builds upon previous code from the race package:
#     race: Racing methods for the selection of the best
#     Copyright (C) 2003 Mauro Birattari
#------------------------------------------------------------------------------
# installed at: /home/emilly/R/lib/irace
# called with: --scenario scenario.txt --parameter-file parameters/tabu.txt --exec-dir /home/emilly/Área de trabalho/IC/results/irace/tabu --max-experiments 1500 --parallel 16 --deterministic 1
# 2026-08-13 03:31:30 -03: Reading parameter file '/home/emilly/Área de trabalho/IC/experiments/irace/parameters/tabu.txt'.
# 2026-08-13 03:31:30 -03: Initialization
# Elitist race
# Elitist new instances: 1
# Elitist limit: 2
# nbIterations: 2
# minNbSurvival: 2
# nbParameters: 1
# seed: 537908659
# confidence level: 0.95
# budget: 1500
# mu: 5
# deterministic: TRUE

# 2026-08-13 03:31:30 -03: Iteration 1 of 2
# experimentsUsed: 0
# remainingBudget: 1500
# currentBudget: 750
# nbConfigurations: 125
# Markers:
     x No test is performed.
     c Configurations are discarded only due to capping.
     - The test is performed and some configurations are discarded.
     = The test is performed but no configuration is discarded.
     ! The test is performed and configurations could be discarded but elite configurations are preserved.
     . Alive configurations were already evaluated on this instance and nothing is discarded.
     : All alive configurations are elite, but some need to be evaluated on this instance.

+-+-----------+-----------+-----------+----------------+-----------+--------+-----+----+------+
| |   Instance|      Alive|       Best|       Mean best| Exp so far|  W time|  rho|KenW|  Qvar|
+-+-----------+-----------+-----------+----------------+-----------+--------+-----+----+------+
|x|          1|         76|         17|   0.02311000000|         76|00:00:52|   NA|  NA|    NA|
|x|          2|         76|          6|   0.02357350000|        152|00:00:25|+0.28|0.64|0.6863|
|x|          3|         76|          6|   0.01571566667|        228|00:00:34|+0.14|0.43|0.5577|
|x|          4|         76|          6|   0.03622750000|        304|00:00:54|+0.20|0.40|0.5726|
|-|          5|         44|          6|   0.03591500000|        380|00:01:04|-0.12|0.11|0.8585|
|=|          6|         44|          6|   0.05464683333|        424|00:00:42|-0.05|0.13|0.8426|
|=|          7|         44|          6|   0.05057771429|        468|00:00:26|-0.01|0.13|0.8376|
+-+-----------+-----------+-----------+----------------+-----------+--------+-----+----+------+
Best-so-far configuration:           6    mean value:    0.05057771429
Description of the best-so-far configuration:
  .ID. tenure .PARENT.
6    6     44       NA

# 2026-08-13 03:36:31 -03: Elite configurations (first number is the configuration ID; listed from best to worst according to the sum of ranks):
   tenure
6      44
69     49
# 2026-08-13 03:36:31 -03: Iteration 2 of 2
# experimentsUsed: 468
# remainingBudget: 1032
# currentBudget: 1032
# nbConfigurations: 130
# Markers:
     x No test is performed.
     c Configurations are discarded only due to capping.
     - The test is performed and some configurations are discarded.
     = The test is performed but no configuration is discarded.
     ! The test is performed and configurations could be discarded but elite configurations are preserved.
     . Alive configurations were already evaluated on this instance and nothing is discarded.
     : All alive configurations are elite, but some need to be evaluated on this instance.

+-+-----------+-----------+-----------+----------------+-----------+--------+-----+----+------+
| |   Instance|      Alive|       Best|       Mean best| Exp so far|  W time|  rho|KenW|  Qvar|
+-+-----------+-----------+-----------+----------------+-----------+--------+-----+----+------+
|x|          8|        130|         83|   0.02250400000|        130|00:00:55|   NA|  NA|    NA|
|x|          7|        130|         83|   0.02433350000|        258|00:01:14|-0.15|0.42|0.7958|
|x|          5|        130|          6|   0.03119666667|        386|00:02:10|-0.44|0.04|1.0848|
|x|          1|        130|         69|   0.03246050000|        514|00:01:41|-0.14|0.14|0.8267|
|=|          3|        130|         69|   0.02596840000|        642|00:00:54|-0.11|0.11|0.6945|
|=|          2|        130|          6|   0.02345616667|        770|00:00:32|-0.14|0.05|0.7909|
|=|          4|        130|         69|   0.03374685714|        898|00:01:41|-0.12|0.04|0.8537|
|=|          6|        130|         69|   0.04586012500|       1026|00:01:16|-0.06|0.07|0.8452|
+-+-----------+-----------+-----------+----------------+-----------+--------+-----+----+------+
Best-so-far configuration:          69    mean value:    0.04586012500
Description of the best-so-far configuration:
   .ID. tenure .PARENT.
69   69     49       NA

# 2026-08-13 03:46:57 -03: Elite configurations (first number is the configuration ID; listed from best to worst according to the sum of ranks):
    tenure
69      49
118     50
# 2026-08-13 03:46:57 -03: Stopped because there is not enough budget left to race more than the minimum (2).
# You may either increase the budget or set 'minNbSurvival' to a lower value.
# Iteration: 3
# nbIterations: 3
# experimentsUsed: 1494
# timeUsed: 0
# remainingBudget: 6
# currentBudget: 6
# number of elites: 2
# nbConfigurations: 2
# Total CPU user time: 13678.33, CPU sys time: 14.989, Wall-clock time: 927.101
# 2026-08-13 03:46:57 -03: Starting post-selection:
# Configurations selected: 69, 118, 6, 77, 78, 79.
# Pending instances: 0, 0, 0, 0, 0, 0.
# 2026-08-13 03:46:57 -03: seed: 537908659
# Configurations: 6
# Available experiments: 6
# minSurvival: 1
# Markers:
     x No test is performed.
     c Configurations are discarded only due to capping.
     - The test is performed and some configurations are discarded.
     = The test is performed but no configuration is discarded.
     ! The test is performed and configurations could be discarded but elite configurations are preserved.
     . Alive configurations were already evaluated on this instance and nothing is discarded.
     : All alive configurations are elite, but some need to be evaluated on this instance.

+-+-----------+-----------+-----------+----------------+-----------+--------+-----+----+------+
| |   Instance|      Alive|       Best|       Mean best| Exp so far|  W time|  rho|KenW|  Qvar|
+-+-----------+-----------+-----------+----------------+-----------+--------+-----+----+------+
|.|          8|          6|         69|   0.02622700000|          0|00:00:00|   NA|  NA|    NA|
|.|          4|          6|         69|   0.05697300000|          0|00:00:00|+0.92|0.96|0.3329|
|.|          3|          6|         69|   0.03798200000|          0|00:00:00|+0.46|0.64|0.3887|
|.|          7|          6|         69|   0.03502725000|          0|00:00:00|+0.31|0.48|0.3333|
|.|          2|          6|         69|   0.03175520000|          0|00:00:00|-0.17|0.06|0.5888|
|.|          6|          6|         69|   0.04823816667|          0|00:00:00|-0.00|0.16|0.5845|
|.|          1|          6|         69|   0.04656271429|          0|00:00:00|-0.02|0.13|0.6274|
|.|          5|          6|         69|   0.04586012500|          0|00:00:00|-0.11|0.03|0.7020|
|=|          9|          6|         69|   0.04759200000|          6|00:00:03|-0.10|0.02|0.6154|
+-+-----------+-----------+-----------+----------------+-----------+--------+-----+----+------+
Best-so-far configuration:          69    mean value:    0.04759200000
Description of the best-so-far configuration:
   .ID. tenure .PARENT.
69   69     49       NA

# 2026-08-13 03:47:01 -03: Elite configurations (first number is the configuration ID; listed from best to worst according to the sum of ranks):
    tenure
69      49
118     50
# Total CPU user time: 13699.49, CPU sys time: 15.034, Wall-clock time: 930.674
# Best configurations (first number is the configuration ID; listed from best to worst according to the sum of ranks):
    tenure
69      49
118     50
# Best configurations as commandlines (first number is the configuration ID; listed from best to worst according to the sum of ranks):
69  --tenure 49
118 --tenure 50


# Testing of elite configurations: 1 
# Testing iteration configurations: FALSE 
# 2026-08-13 03:47:01 -03: No test instances, skip testing
