#------------------------------------------------------------------------------
# irace: An implementation in R of (Elitist) Iterated Racing
# Version: 4.4.3.dd8d85f
# Copyright (C) 2010-2025
# Manuel Lopez-Ibanez     <manuel.lopez-ibanez@manchester.ac.uk>
# Jeremie Dubois-Lacoste
# Leslie Perez Caceres    <leslie.perez.caceres@ulb.ac.be>
#
# This is free software, and you are welcome to redistribute it under certain
# conditions.  See the GNU General Public License for details. There is NO
# WARRANTY; not even for MERCHANTABILITY or FITNESS FOR A PARTICULAR PURPOSE.
#
# irace builds upon previous code from the race package:
#     race: Racing methods for the selection of the best
#     Copyright (C) 2003 Mauro Birattari
#------------------------------------------------------------------------------
# installed at: /home/emilly/R/lib/irace
# called with: --scenario scenario.txt --parameter-file parameters/grasp.txt --exec-dir /home/emilly/Área de trabalho/IC/results/irace/grasp --max-experiments 1500 --parallel 16
# 2026-08-12 23:55:34 -03: Reading parameter file '/home/emilly/Área de trabalho/IC/experiments/irace/parameters/grasp.txt'.
# 2026-08-12 23:55:35 -03: Initialization
# Elitist race
# Elitist new instances: 1
# Elitist limit: 2
# nbIterations: 2
# minNbSurvival: 2
# nbParameters: 1
# seed: 907585255
# confidence level: 0.95
# budget: 1500
# mu: 5
# deterministic: FALSE

# 2026-08-12 23:55:35 -03: Iteration 1 of 2
# experimentsUsed: 0
# remainingBudget: 1500
# currentBudget: 750
# nbConfigurations: 125
# Markers:
     x No test is performed.
     c Configurations are discarded only due to capping.
     - The test is performed and some configurations are discarded.
     = The test is performed but no configuration is discarded.
     ! The test is performed and configurations could be discarded but elite configurations are preserved.
     . Alive configurations were already evaluated on this instance and nothing is discarded.
     : All alive configurations are elite, but some need to be evaluated on this instance.

+-+-----------+-----------+-----------+----------------+-----------+--------+-----+----+------+
| |   Instance|      Alive|       Best|       Mean best| Exp so far|  W time|  rho|KenW|  Qvar|
+-+-----------+-----------+-----------+----------------+-----------+--------+-----+----+------+
|x|          1|        125|         81|   0.03455200000|        125|00:15:10|   NA|  NA|    NA|
|x|          2|        125|        111|   0.03123550000|        250|00:12:21|+0.19|0.60|0.7156|
|x|          3|        125|         84|   0.02501900000|        375|00:17:53|+0.14|0.43|0.5985|
|x|          4|        125|         84|   0.01876425000|        500|00:03:04|+0.09|0.32|0.5472|
|-|          5|         86|        101|   0.01762040000|        625|00:18:20|-0.09|0.13|0.8735|
|=|          6|         86|         53|   0.01628400000|        711|00:02:53|-0.07|0.11|0.8833|
+-+-----------+-----------+-----------+----------------+-----------+--------+-----+----+------+
Best-so-far configuration:          53    mean value:    0.01628400000
Description of the best-so-far configuration:
   .ID.  alpha .PARENT.
53   53 0.1061       NA

# 2026-08-13 01:05:19 -03: Elite configurations (first number is the configuration ID; listed from best to worst according to the sum of ranks):
    alpha
53 0.1061
30 0.2233
# 2026-08-13 01:05:19 -03: Iteration 2 of 2
# experimentsUsed: 711
# remainingBudget: 789
# currentBudget: 789
# nbConfigurations: 114
# Markers:
     x No test is performed.
     c Configurations are discarded only due to capping.
     - The test is performed and some configurations are discarded.
     = The test is performed but no configuration is discarded.
     ! The test is performed and configurations could be discarded but elite configurations are preserved.
     . Alive configurations were already evaluated on this instance and nothing is discarded.
     : All alive configurations are elite, but some need to be evaluated on this instance.

+-+-----------+-----------+-----------+----------------+-----------+--------+-----+----+------+
| |   Instance|      Alive|       Best|       Mean best| Exp so far|  W time|  rho|KenW|  Qvar|
+-+-----------+-----------+-----------+----------------+-----------+--------+-----+----+------+
|x|          7|        114|        186|   0.01158700000|        114|00:04:46|   NA|  NA|    NA|
|x|          1|        114|        204|   0.03388600000|        226|00:11:58|+0.34|0.67|0.7163|
|x|          5|        114|        233|   0.02624633333|        338|00:12:14|-0.08|0.28|1.0920|
|x|          6|        114|        233|   0.02223025000|        450|00:03:03|+0.02|0.27|0.9779|
|=|          2|        114|        145|   0.02383080000|        562|00:06:39|-0.01|0.20|0.9981|
|=|          4|        114|        145|   0.01985900000|        674|00:01:30|-0.00|0.16|0.8306|
|=|          3|        114|        145|   0.01885357143|        786|00:12:25|-0.01|0.14|0.8592|
+-+-----------+-----------+-----------+----------------+-----------+--------+-----+----+------+
Best-so-far configuration:         145    mean value:    0.01885357143
Description of the best-so-far configuration:
    .ID.  alpha .PARENT.
145  145 0.2191       30

# 2026-08-13 01:57:57 -03: Elite configurations (first number is the configuration ID; listed from best to worst according to the sum of ranks):
     alpha
145 0.2191
158 0.1060
# 2026-08-13 01:57:57 -03: Stopped because there is not enough budget left to race more than the minimum (2).
# You may either increase the budget or set 'minNbSurvival' to a lower value.
# Iteration: 3
# nbIterations: 3
# experimentsUsed: 1497
# timeUsed: 0
# remainingBudget: 3
# currentBudget: 3
# number of elites: 2
# nbConfigurations: 2
# Total CPU user time: 97831.38, CPU sys time: 17.749, Wall-clock time: 7342.445
# 2026-08-13 01:57:57 -03: Starting post-selection:
# Configurations selected: 145, 158, 53.
# Pending instances: 0, 0, 0.
# 2026-08-13 01:57:57 -03: seed: 907585255
# Configurations: 3
# Available experiments: 3
# minSurvival: 1
# Markers:
     x No test is performed.
     c Configurations are discarded only due to capping.
     - The test is performed and some configurations are discarded.
     = The test is performed but no configuration is discarded.
     ! The test is performed and configurations could be discarded but elite configurations are preserved.
     . Alive configurations were already evaluated on this instance and nothing is discarded.
     : All alive configurations are elite, but some need to be evaluated on this instance.

+-+-----------+-----------+-----------+----------------+-----------+--------+-----+----+------+
| |   Instance|      Alive|       Best|       Mean best| Exp so far|  W time|  rho|KenW|  Qvar|
+-+-----------+-----------+-----------+----------------+-----------+--------+-----+----+------+
|.|          7|          3|        145|   0.03089800000|          0|00:00:00|   NA|  NA|    NA|
|.|          6|          3|        145|   0.01995000000|          0|00:00:00|+0.86|0.93|0.0003|
|.|          1|          3|        145|   0.02776366667|          0|00:00:00|-0.30|0.13|0.8889|
|.|          4|          3|        145|   0.02082275000|          0|00:00:00|-0.20|0.10|0.6111|
|.|          2|          3|        145|   0.02189080000|          0|00:00:00|+0.00|0.20|0.5334|
|.|          5|          3|        145|   0.01985900000|          0|00:00:00|-0.15|0.04|0.6444|
|.|          3|          3|        145|   0.01885357143|          0|00:00:00|-0.05|0.10|0.6032|
|=|          8|          3|        145|   0.01649687500|          3|00:00:16|-0.05|0.09|0.5238|
+-+-----------+-----------+-----------+----------------+-----------+--------+-----+----+------+
Best-so-far configuration:         145    mean value:    0.01649687500
Description of the best-so-far configuration:
    .ID.  alpha .PARENT.
145  145 0.2191       30

# 2026-08-13 01:58:13 -03: Elite configurations (first number is the configuration ID; listed from best to worst according to the sum of ranks):
     alpha
145 0.2191
158 0.1060
# Total CPU user time: 97878.37, CPU sys time: 17.784, Wall-clock time: 7358.772
# Best configurations (first number is the configuration ID; listed from best to worst according to the sum of ranks):
     alpha
145 0.2191
158 0.1060
# Best configurations as commandlines (first number is the configuration ID; listed from best to worst according to the sum of ranks):
145 --alpha 0.2191
158 --alpha 0.106


# Testing of elite configurations: 1 
# Testing iteration configurations: FALSE 
# 2026-08-13 01:58:13 -03: No test instances, skip testing
