#------------------------------------------------------------------------------
# irace: An implementation in R of (Elitist) Iterated Racing
# Version: 4.4.3.dd8d85f
# Copyright (C) 2010-2025
# Manuel Lopez-Ibanez     <manuel.lopez-ibanez@manchester.ac.uk>
# Jeremie Dubois-Lacoste
# Leslie Perez Caceres    <leslie.perez.caceres@ulb.ac.be>
#
# This is free software, and you are welcome to redistribute it under certain
# conditions.  See the GNU General Public License for details. There is NO
# WARRANTY; not even for MERCHANTABILITY or FITNESS FOR A PARTICULAR PURPOSE.
#
# irace builds upon previous code from the race package:
#     race: Racing methods for the selection of the best
#     Copyright (C) 2003 Mauro Birattari
#------------------------------------------------------------------------------
# installed at: /home/emilly/R/lib/irace
# called with: --scenario scenario.txt --parameter-file parameters/tabu.txt --exec-dir /home/emilly/Documentos/projeto/experiments/../results/irace/tabu --max-experiments 1200 --parallel 14
# 2026-06-11 15:34:36 -03: Reading parameter file '/home/emilly/Documentos/projeto/experiments/irace/parameters/tabu.txt'.
# 2026-06-11 15:34:36 -03: Initialization
# Elitist race
# Elitist new instances: 1
# Elitist limit: 2
# nbIterations: 2
# minNbSurvival: 2
# nbParameters: 1
# seed: 956644219
# confidence level: 0.95
# budget: 1200
# mu: 5
# deterministic: FALSE

# 2026-06-11 15:34:36 -03: Iteration 1 of 2
# experimentsUsed: 0
# remainingBudget: 1200
# currentBudget: 600
# nbConfigurations: 100
# Markers:
     x No test is performed.
     c Configurations are discarded only due to capping.
     - The test is performed and some configurations are discarded.
     = The test is performed but no configuration is discarded.
     ! The test is performed and configurations could be discarded but elite configurations are preserved.
     . Alive configurations were already evaluated on this instance and nothing is discarded.
     : All alive configurations are elite, but some need to be evaluated on this instance.

+-+-----------+-----------+-----------+----------------+-----------+--------+-----+----+------+
| |   Instance|      Alive|       Best|       Mean best| Exp so far|  W time|  rho|KenW|  Qvar|
+-+-----------+-----------+-----------+----------------+-----------+--------+-----+----+------+
|x|          1|         36|         31|   0.03744000000|         36|00:00:23|   NA|  NA|    NA|
|x|          2|         36|         31|   0.02529500000|         72|00:00:31|+0.75|0.88|0.5322|
|x|          3|         36|         31|   0.03575500000|        108|00:01:13|+0.77|0.85|0.4771|
|x|          4|         36|         31|   0.05625025000|        144|00:00:56|+0.72|0.79|0.4655|
|-|          5|         11|         31|   0.05266140000|        180|00:00:31|-0.09|0.12|0.9192|
|=|          6|         11|         10|   0.05822800000|        191|00:00:15|-0.10|0.09|0.9900|
|=|          7|         11|         10|   0.06103742857|        202|00:00:11|-0.04|0.11|0.9686|
+-+-----------+-----------+-----------+----------------+-----------+--------+-----+----+------+
Best-so-far configuration:          10    mean value:    0.06103742857
Description of the best-so-far configuration:
   .ID. tenure .PARENT.
10   10     29       NA

# 2026-06-11 15:38:40 -03: Elite configurations (first number is the configuration ID; listed from best to worst according to the sum of ranks):
   tenure
10     29
31     39
# 2026-06-11 15:38:40 -03: Iteration 2 of 2
# experimentsUsed: 202
# remainingBudget: 998
# currentBudget: 998
# nbConfigurations: 126
# Markers:
     x No test is performed.
     c Configurations are discarded only due to capping.
     - The test is performed and some configurations are discarded.
     = The test is performed but no configuration is discarded.
     ! The test is performed and configurations could be discarded but elite configurations are preserved.
     . Alive configurations were already evaluated on this instance and nothing is discarded.
     : All alive configurations are elite, but some need to be evaluated on this instance.

+-+-----------+-----------+-----------+----------------+-----------+--------+-----+----+------+
| |   Instance|      Alive|       Best|       Mean best| Exp so far|  W time|  rho|KenW|  Qvar|
+-+-----------+-----------+-----------+----------------+-----------+--------+-----+----+------+
|x|          8|        126|         31|   0.08959400000|        126|00:04:58|   NA|  NA|    NA|
|x|          3|        126|         31|   0.07313450000|        250|00:02:52|+1.00|1.00|0.0000|
|x|          2|        126|         31|   0.05313966667|        374|00:02:35|-0.33|0.11|1.3228|
|x|          7|        126|         31|   0.05932825000|        498|00:01:34|-0.22|0.08|0.9094|
|=|          6|        126|         10|   0.06303360000|        622|00:01:51|-0.25|0.00|0.9921|
|=|          4|        126|         31|   0.06664900000|        746|00:01:58|-0.16|0.03|0.9590|
|=|          5|        126|         10|   0.06349457143|        870|00:01:54|-0.17|0.00|0.9921|
|=|          1|        126|         31|   0.05945500000|        994|00:01:16|-0.12|0.02|0.9743|
+-+-----------+-----------+-----------+----------------+-----------+--------+-----+----+------+
Best-so-far configuration:          31    mean value:    0.05945500000
Description of the best-so-far configuration:
   .ID. tenure .PARENT.
31   31     39       NA

# 2026-06-11 15:57:42 -03: Elite configurations (first number is the configuration ID; listed from best to worst according to the sum of ranks):
   tenure
31     39
10     29
# 2026-06-11 15:57:42 -03: Stopped because there is not enough budget left to race more than the minimum (2).
# You may either increase the budget or set 'minNbSurvival' to a lower value.
# Iteration: 3
# nbIterations: 3
# experimentsUsed: 1196
# timeUsed: 0
# remainingBudget: 4
# currentBudget: 4
# number of elites: 2
# nbConfigurations: 2
# Total CPU user time: 17865.82, CPU sys time: 13.259, Wall-clock time: 1385.337
# 2026-06-11 15:57:42 -03: Starting post-selection:
# Configurations selected: 31, 10, 37, 38.
# Pending instances: 0, 0, 0, 0.
# 2026-06-11 15:57:42 -03: seed: 956644219
# Configurations: 4
# Available experiments: 4
# minSurvival: 1
# Markers:
     x No test is performed.
     c Configurations are discarded only due to capping.
     - The test is performed and some configurations are discarded.
     = The test is performed but no configuration is discarded.
     ! The test is performed and configurations could be discarded but elite configurations are preserved.
     . Alive configurations were already evaluated on this instance and nothing is discarded.
     : All alive configurations are elite, but some need to be evaluated on this instance.

+-+-----------+-----------+-----------+----------------+-----------+--------+-----+----+------+
| |   Instance|      Alive|       Best|       Mean best| Exp so far|  W time|  rho|KenW|  Qvar|
+-+-----------+-----------+-----------+----------------+-----------+--------+-----+----+------+
|.|          8|          4|         31|   0.08959400000|          0|00:00:00|   NA|  NA|    NA|
|.|          1|          4|         31|   0.06351700000|          0|00:00:00|+1.00|1.00|0.0000|
|.|          2|          4|         31|   0.04672800000|          0|00:00:00|-0.33|0.11|1.0000|
|.|          7|          4|         31|   0.05451950000|          0|00:00:00|-0.22|0.08|0.6875|
|.|          5|          4|         31|   0.05127680000|          0|00:00:00|-0.25|0.00|0.7500|
|.|          3|          4|         31|   0.05217650000|          0|00:00:00|-0.16|0.03|0.7250|
|.|          6|          4|         31|   0.05112914286|          0|00:00:00|-0.17|0.00|0.7500|
|.|          4|          4|         31|   0.05945500000|          0|00:00:00|-0.12|0.02|0.7366|
|=|          9|          4|         31|   0.05575077778|          4|00:00:18|-0.06|0.06|0.7083|
+-+-----------+-----------+-----------+----------------+-----------+--------+-----+----+------+
Best-so-far configuration:          31    mean value:    0.05575077778
Description of the best-so-far configuration:
   .ID. tenure .PARENT.
31   31     39       NA

# 2026-06-11 15:58:00 -03: Elite configurations (first number is the configuration ID; listed from best to worst according to the sum of ranks):
   tenure
31     39
10     29
# Total CPU user time: 17928.12, CPU sys time: 13.294, Wall-clock time: 1403.367
# Best configurations (first number is the configuration ID; listed from best to worst according to the sum of ranks):
   tenure
31     39
10     29
# Best configurations as commandlines (first number is the configuration ID; listed from best to worst according to the sum of ranks):
31 --tenure 39
10 --tenure 29


# Testing of elite configurations: 1 
# Testing iteration configurations: FALSE 
# 2026-06-11 15:58:00 -03: No test instances, skip testing
