#------------------------------------------------------------------------------
# irace: An implementation in R of (Elitist) Iterated Racing
# Version: 4.4.3.dd8d85f
# Copyright (C) 2010-2025
# Manuel Lopez-Ibanez     <manuel.lopez-ibanez@manchester.ac.uk>
# Jeremie Dubois-Lacoste
# Leslie Perez Caceres    <leslie.perez.caceres@ulb.ac.be>
#
# This is free software, and you are welcome to redistribute it under certain
# conditions.  See the GNU General Public License for details. There is NO
# WARRANTY; not even for MERCHANTABILITY or FITNESS FOR A PARTICULAR PURPOSE.
#
# irace builds upon previous code from the race package:
#     race: Racing methods for the selection of the best
#     Copyright (C) 2003 Mauro Birattari
#------------------------------------------------------------------------------
# installed at: /home/emilly/R/lib/irace
# called with: --scenario scenario.txt --parameter-file parameters/rgrasp.txt --exec-dir /home/emilly/Área de trabalho/IC/results/irace/rgrasp --max-experiments 1500 --parallel 16
# 2026-08-13 01:58:13 -03: Reading parameter file '/home/emilly/Área de trabalho/IC/experiments/irace/parameters/rgrasp.txt'.
# 2026-08-13 01:58:14 -03: Initialization
# Elitist race
# Elitist new instances: 1
# Elitist limit: 2
# nbIterations: 3
# minNbSurvival: 3
# nbParameters: 2
# seed: 243593935
# confidence level: 0.95
# budget: 1500
# mu: 5
# deterministic: FALSE

# 2026-08-13 01:58:14 -03: Iteration 1 of 3
# experimentsUsed: 0
# remainingBudget: 1500
# currentBudget: 500
# nbConfigurations: 83
# Markers:
     x No test is performed.
     c Configurations are discarded only due to capping.
     - The test is performed and some configurations are discarded.
     = The test is performed but no configuration is discarded.
     ! The test is performed and configurations could be discarded but elite configurations are preserved.
     . Alive configurations were already evaluated on this instance and nothing is discarded.
     : All alive configurations are elite, but some need to be evaluated on this instance.

+-+-----------+-----------+-----------+----------------+-----------+--------+-----+----+------+
| |   Instance|      Alive|       Best|       Mean best| Exp so far|  W time|  rho|KenW|  Qvar|
+-+-----------+-----------+-----------+----------------+-----------+--------+-----+----+------+
|x|          1|         83|          1|     0.000000000|         83|00:01:36|   NA|  NA|    NA|
|x|          2|         83|         18|  0.009252500000|        166|00:04:43|+0.00|0.50|0.4940|
|x|          3|         83|         18|  0.006168333333|        249|00:02:53|+0.00|0.33|0.3293|
|x|          4|         83|         18|   0.01972600000|        332|00:09:32|+0.02|0.27|0.4755|
|-|          5|         37|         18|   0.01800660000|        415|00:03:21|-0.01|0.19|0.4151|
|=|          6|         37|         18|   0.01668766667|        452|00:01:52|+0.08|0.23|0.4733|
|=|          7|         37|         18|   0.02038171429|        489|00:05:08|+0.06|0.20|0.4076|
+-+-----------+-----------+-----------+----------------+-----------+--------+-----+----+------+
Best-so-far configuration:          18    mean value:    0.02038171429
Description of the best-so-far configuration:
   .ID.  delta block_frac .PARENT.
18   18 1.8517     0.0275       NA

# 2026-08-13 02:27:22 -03: Elite configurations (first number is the configuration ID; listed from best to worst according to the sum of ranks):
    delta block_frac
18 1.8517     0.0275
27 1.6955     0.0513
15 2.0861     0.0869
# 2026-08-13 02:27:22 -03: Iteration 2 of 3
# experimentsUsed: 489
# remainingBudget: 1011
# currentBudget: 505
# nbConfigurations: 65
# Markers:
     x No test is performed.
     c Configurations are discarded only due to capping.
     - The test is performed and some configurations are discarded.
     = The test is performed but no configuration is discarded.
     ! The test is performed and configurations could be discarded but elite configurations are preserved.
     . Alive configurations were already evaluated on this instance and nothing is discarded.
     : All alive configurations are elite, but some need to be evaluated on this instance.

+-+-----------+-----------+-----------+----------------+-----------+--------+-----+----+------+
| |   Instance|      Alive|       Best|       Mean best| Exp so far|  W time|  rho|KenW|  Qvar|
+-+-----------+-----------+-----------+----------------+-----------+--------+-----+----+------+
|x|          8|         65|         18|   0.01520000000|         65|00:01:36|   NA|  NA|    NA|
|x|          6|         65|         18|   0.01264650000|        127|00:04:00|+0.03|0.52|1.0265|
|x|          3|         65|         18|  0.008431000000|        189|00:02:03|+0.02|0.34|0.6704|
|x|          5|         65|         18|  0.009105500000|        251|00:04:02|+0.08|0.31|0.7046|
|=|          7|         65|         18|   0.01579360000|        313|00:07:02|+0.06|0.25|0.5705|
|-|          2|         48|         18|   0.01624550000|        375|00:03:20|-0.00|0.16|0.5027|
|=|          4|         48|         18|   0.02255314286|        420|00:05:42|-0.02|0.12|0.5712|
|=|          1|         48|         18|   0.01973400000|        465|00:00:51|-0.02|0.11|0.4984|
+-+-----------+-----------+-----------+----------------+-----------+--------+-----+----+------+
Best-so-far configuration:          18    mean value:    0.01973400000
Description of the best-so-far configuration:
   .ID.  delta block_frac .PARENT.
18   18 1.8517     0.0275       NA

# 2026-08-13 02:56:02 -03: Elite configurations (first number is the configuration ID; listed from best to worst according to the sum of ranks):
     delta block_frac
18  1.8517     0.0275
86  1.8244     0.0209
111 1.8722     0.0250
# 2026-08-13 02:56:02 -03: Iteration 3 of 3
# experimentsUsed: 954
# remainingBudget: 546
# currentBudget: 546
# nbConfigurations: 63
# Markers:
     x No test is performed.
     c Configurations are discarded only due to capping.
     - The test is performed and some configurations are discarded.
     = The test is performed but no configuration is discarded.
     ! The test is performed and configurations could be discarded but elite configurations are preserved.
     . Alive configurations were already evaluated on this instance and nothing is discarded.
     : All alive configurations are elite, but some need to be evaluated on this instance.

+-+-----------+-----------+-----------+----------------+-----------+--------+-----+----+------+
| |   Instance|      Alive|       Best|       Mean best| Exp so far|  W time|  rho|KenW|  Qvar|
+-+-----------+-----------+-----------+----------------+-----------+--------+-----+----+------+
|x|          9|         63|         18|     0.000000000|         63|00:03:27|   NA|  NA|    NA|
|x|          7|         63|         18|   0.02127300000|        123|00:06:57|+1.00|1.00|0.0000|
|x|          3|         63|         18|   0.01418200000|        183|00:02:01|+1.00|1.00|0.0000|
|x|          8|         63|         18|   0.01443650000|        243|00:01:25|+1.00|1.00|0.0000|
|=|          4|         63|         18|   0.02362900000|        303|00:07:37|+1.00|1.00|0.0000|
|=|          1|         63|         18|   0.01969083333|        363|00:01:08|+1.00|1.00|0.0000|
|=|          2|         63|         18|   0.01952142857|        423|00:02:24|+0.00|0.14|0.1406|
|=|          5|         63|         18|   0.01847237500|        483|00:04:12|+0.00|0.12|0.1230|
|=|          6|         63|         18|   0.01754133333|        543|00:04:43|-0.02|0.09|0.2250|
+-+-----------+-----------+-----------+----------------+-----------+--------+-----+----+------+
Best-so-far configuration:          18    mean value:    0.01754133333
Description of the best-so-far configuration:
   .ID.  delta block_frac .PARENT.
18   18 1.8517     0.0275       NA

# 2026-08-13 03:30:01 -03: Elite configurations (first number is the configuration ID; listed from best to worst according to the sum of ranks):
     delta block_frac
18  1.8517     0.0275
86  1.8244     0.0209
111 1.8722     0.0250
# 2026-08-13 03:30:01 -03: Stopped because there is not enough budget left to race more than the minimum (3).
# You may either increase the budget or set 'minNbSurvival' to a lower value.
# Iteration: 4
# nbIterations: 4
# experimentsUsed: 1497
# timeUsed: 0
# remainingBudget: 3
# currentBudget: 3
# number of elites: 3
# nbConfigurations: 3
# Total CPU user time: 78841.07, CPU sys time: 16.255, Wall-clock time: 5507.712
# 2026-08-13 03:30:01 -03: Starting post-selection:
# Configurations selected: 18, 86, 111.
# Pending instances: 0, 0, 0.
# 2026-08-13 03:30:01 -03: seed: 243593935
# Configurations: 3
# Available experiments: 3
# minSurvival: 1
# Markers:
     x No test is performed.
     c Configurations are discarded only due to capping.
     - The test is performed and some configurations are discarded.
     = The test is performed but no configuration is discarded.
     ! The test is performed and configurations could be discarded but elite configurations are preserved.
     . Alive configurations were already evaluated on this instance and nothing is discarded.
     : All alive configurations are elite, but some need to be evaluated on this instance.

+-+-----------+-----------+-----------+----------------+-----------+--------+-----+----+------+
| |   Instance|      Alive|       Best|       Mean best| Exp so far|  W time|  rho|KenW|  Qvar|
+-+-----------+-----------+-----------+----------------+-----------+--------+-----+----+------+
|.|          2|          3|         18|   0.01850500000|          0|00:00:00|   NA|  NA|    NA|
|.|          8|          3|         18|   0.01685250000|          0|00:00:00|+1.00|1.00|0.0000|
|.|          5|          3|         18|   0.01494466667|          0|00:00:00|+1.00|1.00|0.0000|
|.|          7|          3|         18|   0.02184500000|          0|00:00:00|+1.00|1.00|0.0000|
|.|          1|          3|         18|   0.01747600000|          0|00:00:00|+1.00|1.00|0.0000|
|.|          3|          3|         18|   0.01456333333|          0|00:00:00|+1.00|1.00|0.0000|
|.|          9|          3|         18|   0.01248285714|          0|00:00:00|+1.00|1.00|0.0000|
|.|          4|          3|         18|   0.01847237500|          0|00:00:00|+1.00|1.00|0.0000|
|.|          6|          3|         18|   0.01754133333|          0|00:00:00|+1.00|1.00|0.0000|
|=|         10|          3|         18|   0.01945940000|          3|00:01:28|+1.00|1.00|0.0000|
+-+-----------+-----------+-----------+----------------+-----------+--------+-----+----+------+
Best-so-far configuration:          18    mean value:    0.01945940000
Description of the best-so-far configuration:
   .ID.  delta block_frac .PARENT.
18   18 1.8517     0.0275       NA

# 2026-08-13 03:31:30 -03: Elite configurations (first number is the configuration ID; listed from best to worst according to the sum of ranks):
     delta block_frac
18  1.8517     0.0275
86  1.8244     0.0209
111 1.8722     0.0250
# Total CPU user time: 79107.35, CPU sys time: 16.286, Wall-clock time: 5596.672
# Best configurations (first number is the configuration ID; listed from best to worst according to the sum of ranks):
     delta block_frac
18  1.8517     0.0275
86  1.8244     0.0209
111 1.8722     0.0250
# Best configurations as commandlines (first number is the configuration ID; listed from best to worst according to the sum of ranks):
18  --delta 1.8517 --block-frac 0.0275
86  --delta 1.8244 --block-frac 0.0209
111 --delta 1.8722 --block-frac 0.025


# Testing of elite configurations: 1 
# Testing iteration configurations: FALSE 
# 2026-08-13 03:31:30 -03: No test instances, skip testing
